2026-08-19 18:59:07 +0000 [MT] Initial pipeline context: <IDEDistributionProcessingPipelineContext: 0xa6792aa00; archive(resolved)="<IDEArchive: 0xa679c81c0>", distributionTask(resolved)="2", distributionDestination(resolved)="1", distributionMethod(resolved)="<IDEDistributionMethodMacAppStoreDistribution: 0xa6851ff50>", team(resolved)="<IDEProvisioningBasicTeam: 0xa6a16c9c0; teamID='QMM486NPYC', teamName='(null)'>">
	Chain (15, self inclusive):
	<IDEDistributionProcessingPipelineContext: 0xa6792aa00; archive = "<IDEArchive: 0xa679c81c0>", distributionMethod="<IDEDistributionMethodMacAppStoreDistribution: 0xa6851ff50>", team="<IDEProvisioningBasicTeam: 0xa6a16c9c0; teamID='QMM486NPYC', teamName='(null)'>">
	<IDEDistributionProcessingPipelineContext: 0xa6792a100; archive = "<IDEArchive: 0xa679c81c0>", distributionMethod="<IDEDistributionMethodMacAppStoreDistribution: 0xa6851ff50>", team="<IDEProvisioningBasicTeam: 0xa6a16c9c0; teamID='QMM486NPYC', teamName='(null)'>">
	<IDEDistributionContext: 0xa67a9ad00; archive = "<IDEArchive: 0xa679c81c0>", distributionMethod="<IDEDistributionMethodMacAppStoreDistribution: 0xa6851ff50>", team="<IDEProvisioningBasicTeam: 0xa6a16c9c0; teamID='QMM486NPYC', teamName='(null)'>">
	<IDEDistributionContext: 0xa67a99680; archive = "<IDEArchive: 0xa679c81c0>", distributionMethod="<IDEDistributionMethodMacAppStoreDistribution: 0xa6851ff50>", team="<IDEProvisioningBasicTeam: 0xa6a16c9c0; teamID='QMM486NPYC', teamName='(null)'>">
	<IDEDistributionContext: 0xa67a9b200; archive = "<IDEArchive: 0xa679c81c0>", distributionMethod="<IDEDistributionMethodMacAppStoreDistribution: 0xa6851ff50>", team="<IDEProvisioningBasicTeam: 0xa6a16c9c0; teamID='QMM486NPYC', teamName='(null)'>">
	<IDEDistributionContext: 0xa67a99400; archive = "<IDEArchive: 0xa679c81c0>", distributionMethod="<IDEDistributionMethodMacAppStoreDistribution: 0xa6851ff50>", team="<IDEProvisioningBasicTeam: 0xa6a16c9c0; teamID='QMM486NPYC', teamName='(null)'>">
	<IDEDistributionContext: 0xa67a9b480; archive = "<IDEArchive: 0xa679c81c0>", distributionMethod="<IDEDistributionMethodMacAppStoreDistribution: 0xa6851ff50>", team="<IDEProvisioningBasicTeam: 0xa6a16c9c0; teamID='QMM486NPYC', teamName='(null)'>">
	<IDEDistributionContext: 0xa67a9b700; archive = "<IDEArchive: 0xa679c81c0>", distributionMethod="<IDEDistributionMethodMacAppStoreDistribution: 0xa6851ff50>", team="<IDEProvisioningBasicTeam: 0xa6a16c9c0; teamID='QMM486NPYC', teamName='(null)'>">
	<IDEDistributionContext: 0xa67a99b80; archive = "<IDEArchive: 0xa679c81c0>", distributionMethod="<IDEDistributionMethodMacAppStoreDistribution: 0xa6851ff50>", team="<IDEProvisioningBasicTeam: 0xa6a16c9c0; teamID='QMM486NPYC', teamName='(null)'>">
	<IDEDistributionContext: 0xa67a98c80; archive = "<IDEArchive: 0xa679c81c0>", distributionMethod="<IDEDistributionMethodMacAppStoreDistribution: 0xa6851ff50>", team="<IDEProvisioningBasicTeam: 0xa6a16c9c0; teamID='QMM486NPYC', teamName='(null)'>">
	<IDEDistributionContext: 0xa67a98a00; archive = "<IDEArchive: 0xa679c81c0>", distributionMethod="<IDEDistributionMethodMacAppStoreDistribution: 0xa6851ff50>", team="<IDEProvisioningBasicTeam: 0xa6a16c9c0; teamID='QMM486NPYC', teamName='(null)'>">
	<IDEDistributionContext: 0xa67a98780; archive = "<IDEArchive: 0xa679c81c0>", distributionMethod="<IDEDistributionMethodMacAppStoreDistribution: 0xa6851ff50>", team="<IDEProvisioningBasicTeam: 0xa6a16c9c0; teamID='QMM486NPYC', teamName='(null)'>">
	<IDEDistributionContext: 0xa67a98500; archive = "<IDEArchive: 0xa679c81c0>", distributionMethod="<IDEDistributionMethodMacAppStoreDistribution: 0xa6851ff50>", team="(null)">
	<IDEDistributionContext: 0xa67a98280; archive = "<IDEArchive: 0xa679c81c0>", distributionMethod="<IDEDistributionMethodMacAppStoreDistribution: 0xa6851ff50>", team="(null)">
	<IDEDistributionContext: 0x100e16830; archive = "<IDEArchive: 0xa679c81c0>", distributionMethod="(null)", team="(null)">
</IDEDistributionProcessingPipelineContext: 0xa6792aa00>
2026-08-19 18:59:07 +0000 [MT] Processing step: IDEDistributionCreateDestRootStep
2026-08-19 18:59:07 +0000 [MT] Processing step: IDEDistributionCopyItemStep
2026-08-19 18:59:07 +0000 [MT] Running /usr/bin/ditto '-V' '/Users/joshua/Documents/Code/bookrank/ios/build/SpineMac.xcarchive/Products/Applications/SpineMac.app' '/var/folders/vk/dmj39y_n1n7gs0wclbyqkfn40000gn/T/XcodeDistPipeline.~~~xtbYYv/Root/Applications/SpineMac.app'
2026-08-19 18:59:07 +0000  >>> Copying /Users/joshua/Documents/Code/bookrank/ios/build/SpineMac.xcarchive/Products/Applications/SpineMac.app 
2026-08-19 18:59:07 +0000  copying file ./Contents/_CodeSignature/CodeResources ... 
2026-08-19 18:59:07 +0000  8562 bytes for ./Contents/_CodeSignature/CodeResources
2026-08-19 18:59:07 +0000  copying file ./Contents/MacOS/SpineMac ... 
2026-08-19 18:59:07 +0000  423264 bytes for ./Contents/MacOS/SpineMac
2026-08-19 18:59:07 +0000  copying file ./Contents/Resources/machine-learning-for-dummies.md ... 
2026-08-19 18:59:07 +0000  108370 bytes for ./Contents/Resources/machine-learning-for-dummies.md
2026-08-19 18:59:07 +0000  copying file ./Contents/Resources/exercise-for-dummies.md ... 
2026-08-19 18:59:07 +0000  69639 bytes for ./Contents/Resources/exercise-for-dummies.md
2026-08-19 18:59:07 +0000  copying file ./Contents/Resources/data-science.md ... 
2026-08-19 18:59:07 +0000  4929 bytes for ./Contents/Resources/data-science.md
2026-08-19 18:59:07 +0000  copying file ./Contents/Resources/apple.md ... 
2026-08-19 18:59:07 +0000  175173 bytes for ./Contents/Resources/apple.md
2026-08-19 18:59:07 +0000  copying file ./Contents/Resources/picks.json ... 
2026-08-19 18:59:07 +0000  535 bytes for ./Contents/Resources/picks.json
2026-08-19 18:59:07 +0000  copying file ./Contents/Resources/ai-investing-for-dummies.md ... 
2026-08-19 18:59:07 +0000  91258 bytes for ./Contents/Resources/ai-investing-for-dummies.md
2026-08-19 18:59:07 +0000  copying file ./Contents/Resources/AppIcon.icns ... 
2026-08-19 18:59:07 +0000  6445 bytes for ./Contents/Resources/AppIcon.icns
2026-08-19 18:59:07 +0000  copying file ./Contents/Resources/accounting-for-canadians.md ... 
2026-08-19 18:59:07 +0000  22892 bytes for ./Contents/Resources/accounting-for-canadians.md
2026-08-19 18:59:07 +0000  copying file ./Contents/Resources/agentic-ai-for-dummies.md ... 
2026-08-19 18:59:07 +0000  83359 bytes for ./Contents/Resources/agentic-ai-for-dummies.md
2026-08-19 18:59:07 +0000  copying file ./Contents/Resources/ai-in-business.md ... 
2026-08-19 18:59:07 +0000  265659 bytes for ./Contents/Resources/ai-in-business.md
2026-08-19 18:59:07 +0000  copying file ./Contents/Resources/calculus-for-dummies.md ... 
2026-08-19 18:59:07 +0000  36415 bytes for ./Contents/Resources/calculus-for-dummies.md
2026-08-19 18:59:07 +0000  copying file ./Contents/Resources/Assets.car ... 
2026-08-19 18:59:07 +0000  41416 bytes for ./Contents/Resources/Assets.car
2026-08-19 18:59:07 +0000  copying file ./Contents/Resources/brothers.md ... 
2026-08-19 18:59:07 +0000  7552 bytes for ./Contents/Resources/brothers.md
2026-08-19 18:59:07 +0000  copying file ./Contents/Resources/sobriety-for-dummies.md ... 
2026-08-19 18:59:07 +0000  348418 bytes for ./Contents/Resources/sobriety-for-dummies.md
2026-08-19 18:59:07 +0000  copying file ./Contents/Resources/library.json ... 
2026-08-19 18:59:07 +0000  278 bytes for ./Contents/Resources/library.json
2026-08-19 18:59:07 +0000  copying file ./Contents/Resources/books.json ... 
2026-08-19 18:59:07 +0000  23474 bytes for ./Contents/Resources/books.json
2026-08-19 18:59:07 +0000  copying file ./Contents/Resources/ibs-for-dummies.md ... 
2026-08-19 18:59:07 +0000  206345 bytes for ./Contents/Resources/ibs-for-dummies.md
2026-08-19 18:59:07 +0000  copying file ./Contents/Resources/becoming-steve-jobs.md ... 
2026-08-19 18:59:07 +0000  20520 bytes for ./Contents/Resources/becoming-steve-jobs.md
2026-08-19 18:59:07 +0000  copying file ./Contents/Resources/statistics-for-dummies.md ... 
2026-08-19 18:59:07 +0000  148983 bytes for ./Contents/Resources/statistics-for-dummies.md
2026-08-19 18:59:07 +0000  copying file ./Contents/Resources/good-feng-shui.md ... 
2026-08-19 18:59:07 +0000  44203 bytes for ./Contents/Resources/good-feng-shui.md
2026-08-19 18:59:07 +0000  copying file ./Contents/Resources/summaries-index.json ... 
2026-08-19 18:59:07 +0000  1052 bytes for ./Contents/Resources/summaries-index.json
2026-08-19 18:59:07 +0000  copying file ./Contents/Resources/living-well-in-a-down-economy-for-dummies.md ... 
2026-08-19 18:59:07 +0000  129221 bytes for ./Contents/Resources/living-well-in-a-down-economy-for-dummies.md
2026-08-19 18:59:07 +0000  copying file ./Contents/Resources/the-optimist.md ... 
2026-08-19 18:59:07 +0000  498993 bytes for ./Contents/Resources/the-optimist.md
2026-08-19 18:59:07 +0000  copying file ./Contents/Resources/macos-tahoe.md ... 
2026-08-19 18:59:07 +0000  141557 bytes for ./Contents/Resources/macos-tahoe.md
2026-08-19 18:59:07 +0000  copying file ./Contents/Resources/newton.md ... 
2026-08-19 18:59:07 +0000  70271 bytes for ./Contents/Resources/newton.md
2026-08-19 18:59:07 +0000  copying file ./Contents/Resources/pre-calculus-for-dummies.md ... 
2026-08-19 18:59:07 +0000  78511 bytes for ./Contents/Resources/pre-calculus-for-dummies.md
2026-08-19 18:59:07 +0000  copying file ./Contents/Info.plist ... 
2026-08-19 18:59:07 +0000  1865 bytes for ./Contents/Info.plist
2026-08-19 18:59:07 +0000  copying file ./Contents/PkgInfo ... 
2026-08-19 18:59:07 +0000  8 bytes for ./Contents/PkgInfo
2026-08-19 18:59:07 +0000 [MT] /usr/bin/ditto exited with 0
2026-08-19 18:59:07 +0000 [MT] Processing step: IDEDistributionEmbedProfileStep
2026-08-19 18:59:07 +0000 [MT] Processing step: IDEDistributionInfoPlistStep
2026-08-19 18:59:07 +0000 [MT] Skipping setting DTXcodeBuildDistribution because toolsBuildVersionName was nil.
2026-08-19 18:59:07 +0000 [MT] Processing step: IDEDistributionItemRemovalStep
2026-08-19 18:59:07 +0000 [MT] Processing step: IDEDistributionAppThinningPlistStep
2026-08-19 18:59:07 +0000 [MT] Processing step: IDEDistributionSymbolsStep
2026-08-19 18:59:07 +0000 [MT] Writing /var/folders/vk/dmj39y_n1n7gs0wclbyqkfn40000gn/T/XcodeDistPipeline.~~~xtbYYv/Symbols/2E708751-F87C-3E9E-A2D5-DD11197ACF22.symbols
2026-08-19 18:59:07 +0000 [MT] Writing /var/folders/vk/dmj39y_n1n7gs0wclbyqkfn40000gn/T/XcodeDistPipeline.~~~xtbYYv/Symbols/E16F80A1-AC16-384A-BBB7-0A2C843601FD.symbols
2026-08-19 18:59:07 +0000 [MT] Writing /var/folders/vk/dmj39y_n1n7gs0wclbyqkfn40000gn/T/XcodeDistPipeline.~~~xtbYYv/Symbols/2E708751-F87C-3E9E-A2D5-DD11197ACF22.symbols
2026-08-19 18:59:07 +0000 [MT] Writing /var/folders/vk/dmj39y_n1n7gs0wclbyqkfn40000gn/T/XcodeDistPipeline.~~~xtbYYv/Symbols/E16F80A1-AC16-384A-BBB7-0A2C843601FD.symbols
2026-08-19 18:59:07 +0000 [MT] Processing step: IDEDistributionCopyAppleProvidedContentStep
2026-08-19 18:59:07 +0000 [MT] Processing step: IDEDistributionAppThinningStep
2026-08-19 18:59:07 +0000 [MT] Skipping step: IDEDistributionAppThinningStep because it said so
2026-08-19 18:59:07 +0000 [MT] Processing step: IDEDistributionArchThinningStep
2026-08-19 18:59:07 +0000 [MT] Archs to thin for item /Users/joshua/Documents/Code/bookrank/ios/build/SpineMac.xcarchive/Products/Applications/SpineMac.app are []
2026-08-19 18:59:07 +0000 [MT] Processing step: IDEDistributionODRStep
2026-08-19 18:59:07 +0000 [MT] Processing step: IDEDistributionStripXattrsStep
2026-08-19 18:59:07 +0000 [MT] Skipping stripping extended attributes because the codesign step will strip them.
2026-08-19 18:59:07 +0000 [MT] Processing step: IDEDistributionCodesignStep
2026-08-19 18:59:07 +0000 [MT] Entitlements for <IDEDistributionItem: 0xa6a1480c0; bundleID='com.heyitsmejosh.spine', path='<DVTFilePath:0xa6a005920:'/Users/joshua/Documents/Code/bookrank/ios/build/SpineMac.xcarchive/Products/Applications/SpineMac.app'>', codeSigningInfo='<_DVTCodeSigningInformation_Path: 0xa6a148060; isSigned='1', isAdHocSigned='0', signingCertificate='<DVTSigningCertificate: 0xa6a3340c0; name='Apple Development: trommatic@icloud.com (8VQ3Z7494A)', hash='DCF40745BE43EDF323978FBAEB96BAC4C4FA93E2', serialNumber='AD882848985F58FD0F83487E38FA44C', certificateKinds='(
    "1.2.840.113635.100.6.1.12",
    "1.2.840.113635.100.6.1.2"
), issueDate='2026-06-12 02:06:14 +0000''>', entitlements='{
    "com.apple.application-identifier" = "QMM486NPYC.com.heyitsmejosh.spine";
    "com.apple.security.app-sandbox" = 1;
}', teamID='QMM486NPYC', identifier='com.heyitsmejosh.spine', executablePath='<DVTFilePath:0xa6a005800:'/Users/joshua/Documents/Code/bookrank/ios/build/SpineMac.xcarchive/Products/Applications/SpineMac.app/Contents/MacOS/SpineMac'>', hardenedRuntime='0'>'>: {
    "com.apple.application-identifier" = "QMM486NPYC.com.heyitsmejosh.spine";
    "com.apple.developer.team-identifier" = QMM486NPYC;
    "com.apple.security.app-sandbox" = 1;
}
2026-08-19 18:59:07 +0000 [MT] Associated App Clip Identifiers Filter: Skipping because "com.apple.developer.associated-appclip-app-identifiers" is not present
2026-08-19 18:59:07 +0000 [MT] Entitlements for <IDEDistributionItem: 0xa6a1480c0; bundleID='com.heyitsmejosh.spine', path='<DVTFilePath:0xa6a005920:'/Users/joshua/Documents/Code/bookrank/ios/build/SpineMac.xcarchive/Products/Applications/SpineMac.app'>', codeSigningInfo='<_DVTCodeSigningInformation_Path: 0xa6a148060; isSigned='1', isAdHocSigned='0', signingCertificate='<DVTSigningCertificate: 0xa6a334b40; name='Apple Development: trommatic@icloud.com (8VQ3Z7494A)', hash='DCF40745BE43EDF323978FBAEB96BAC4C4FA93E2', serialNumber='AD882848985F58FD0F83487E38FA44C', certificateKinds='(
    "1.2.840.113635.100.6.1.12",
    "1.2.840.113635.100.6.1.2"
), issueDate='2026-06-12 02:06:14 +0000''>', entitlements='{
    "com.apple.application-identifier" = "QMM486NPYC.com.heyitsmejosh.spine";
    "com.apple.security.app-sandbox" = 1;
}', teamID='QMM486NPYC', identifier='com.heyitsmejosh.spine', executablePath='<DVTFilePath:0xa6a005800:'/Users/joshua/Documents/Code/bookrank/ios/build/SpineMac.xcarchive/Products/Applications/SpineMac.app/Contents/MacOS/SpineMac'>', hardenedRuntime='0'>'> are: {
    "com.apple.application-identifier" = "QMM486NPYC.com.heyitsmejosh.spine";
    "com.apple.developer.team-identifier" = QMM486NPYC;
    "com.apple.security.app-sandbox" = 1;
}
2026-08-19 18:59:07 +0000 [MT] Writing entitlements for <IDEDistributionItem: 0xa6a1480c0; bundleID='com.heyitsmejosh.spine', path='<DVTFilePath:0xa6a005920:'/Users/joshua/Documents/Code/bookrank/ios/build/SpineMac.xcarchive/Products/Applications/SpineMac.app'>', codeSigningInfo='<_DVTCodeSigningInformation_Path: 0xa6a148060; isSigned='1', isAdHocSigned='0', signingCertificate='<DVTSigningCertificate: 0xa6a334b40; name='Apple Development: trommatic@icloud.com (8VQ3Z7494A)', hash='DCF40745BE43EDF323978FBAEB96BAC4C4FA93E2', serialNumber='AD882848985F58FD0F83487E38FA44C', certificateKinds='(
    "1.2.840.113635.100.6.1.12",
    "1.2.840.113635.100.6.1.2"
), issueDate='2026-06-12 02:06:14 +0000''>', entitlements='{
    "com.apple.application-identifier" = "QMM486NPYC.com.heyitsmejosh.spine";
    "com.apple.security.app-sandbox" = 1;
}', teamID='QMM486NPYC', identifier='com.heyitsmejosh.spine', executablePath='<DVTFilePath:0xa6a005800:'/Users/joshua/Documents/Code/bookrank/ios/build/SpineMac.xcarchive/Products/Applications/SpineMac.app/Contents/MacOS/SpineMac'>', hardenedRuntime='0'>'> to: /var/folders/vk/dmj39y_n1n7gs0wclbyqkfn40000gn/T/XcodeDistPipeline.~~~xtbYYv/entitlements~~~lESOYg
2026-08-19 18:59:07 +0000 [MT] invoking codesign: <NSConcreteTask: 0xa6769b7a0; launchPath='/usr/bin/codesign', arguments='(
    "-f",
    "-s",
    841ED832F5CB2EA83C5EE8C502992F8B46BBBC32,
    "--entitlements",
    "/var/folders/vk/dmj39y_n1n7gs0wclbyqkfn40000gn/T/XcodeDistPipeline.~~~xtbYYv/entitlements~~~lESOYg",
    "--preserve-metadata=identifier,flags,runtime,launch-constraints,library-constraints",
    "--generate-entitlement-der",
    "--strip-disallowed-xattrs",
    "-vvv",
    "/var/folders/vk/dmj39y_n1n7gs0wclbyqkfn40000gn/T/XcodeDistPipeline.~~~xtbYYv/Root/Applications/SpineMac.app"
)'>
2026-08-19 18:59:07 +0000 [MT] codesign output: /var/folders/vk/dmj39y_n1n7gs0wclbyqkfn40000gn/T/XcodeDistPipeline.~~~xtbYYv/Root/Applications/SpineMac.app: replacing existing signature
/var/folders/vk/dmj39y_n1n7gs0wclbyqkfn40000gn/T/XcodeDistPipeline.~~~xtbYYv/Root/Applications/SpineMac.app: signed app bundle with Mach-O universal (x86_64 arm64) [com.heyitsmejosh.spine]
2026-08-19 18:59:07 +0000 [MT] Processing step: IDEDistributionZipODRItemStep
2026-08-19 18:59:07 +0000 [MT] Skipping step: IDEDistributionZipODRItemStep because it said so
2026-08-19 18:59:07 +0000 [MT] Processing step: IDEDistributionCreatePKGStep
2026-08-19 18:59:07 +0000 [MT] Running /usr/bin/productbuild '--sign' '3rd Party Mac Developer Installer: Joshua Trommel (QMM486NPYC)' '--symbolication' '/var/folders/vk/dmj39y_n1n7gs0wclbyqkfn40000gn/T/XcodeDistPipeline.~~~xtbYYv/Symbols' '--component' '/var/folders/vk/dmj39y_n1n7gs0wclbyqkfn40000gn/T/XcodeDistPipeline.~~~xtbYYv/Root/Applications/SpineMac.app' '/Applications' '/var/folders/vk/dmj39y_n1n7gs0wclbyqkfn40000gn/T/XcodeDistPipeline.~~~xtbYYv/Packages/Bookrank.pkg'
2026-08-19 18:59:07 +0000  productbuild: Adding component at /var/folders/vk/dmj39y_n1n7gs0wclbyqkfn40000gn/T/XcodeDistPipeline.~~~xtbYYv/Root/Applications/SpineMac.app
productbuild: Signing product with identity "3rd Party Mac Developer Installer: Joshua Trommel (QMM486NPYC)" from keychain /Users/joshua/Library/Keychains/login.keychain-db
productbuild: Adding certificate "Apple Worldwide Developer Relations Certification Authority"
productbuild: Adding certificate "Apple Root CA"
productbuild: Wrote product to /var/folders/vk/dmj39y_n1n7gs0wclbyqkfn40000gn/T/XcodeDistPipeline.~~~xtbYYv/Packages/Bookrank.pkg
productbuild: Supported OS versions: [Min: 14.0, Before: None]
2026-08-19 18:59:07 +0000 [MT] /usr/bin/productbuild exited with 0
2026-08-19 18:59:07 +0000 [MT] Processing step: IDEDistributionAppStoreInformationStep
2026-08-19 18:59:07 +0000 [MT] Skipping step: IDEDistributionAppStoreInformationStep because it said so
2026-08-19 18:59:07 +0000 [MT] Processing step: IDEDistributionGenerateProcessedDistributionItems
2026-08-19 18:59:07 +0000 [MT] IDEDistributionItem init <DVTFilePath:0xa6a14a3a0:'/var/folders/vk/dmj39y_n1n7gs0wclbyqkfn40000gn/T/XcodeDistPipeline.~~~xtbYYv/Root/Applications/SpineMac.app'>
2026-08-19 18:59:07 +0000 [MT] Processing step: IDEDistributionCreateManifestStep
2026-08-19 18:59:07 +0000 [MT] Skipping step: IDEDistributionCreateManifestStep because it said so
